-- rFunc-rename --
renaming "sFunc" to "rFunc" not possible because "github.com/kent0106/gotools/internal/lsp/rename/bad" has errors
